// Jest Snapshot v1, https://goo.gl/fbAQLP

exports[`matches snapshot 1`] = `
<div
  aria-label="Inline Level Formatting Menu"
  className="richEditor-menu"
  role="dialog"
>
  <ul
    aria-label="Inline Level Formatting Menu"
    className="richEditor-menuItems MenuItems"
    role="menubar"
  >
    <EditorMenuItem
      clickHandler={[Function]}
      isActive={false}
      key="0"
      propertyName="bold"
    />
    <EditorMenuItem
      clickHandler={[Function]}
      isActive={false}
      key="1"
      propertyName="italic"
    />
    <EditorMenuItem
      clickHandler={[Function]}
      isActive={false}
      key="2"
      propertyName="strike"
    />
    <EditorMenuItem
      clickHandler={[Function]}
      isActive={false}
      key="3"
      propertyName="code"
    />
    <EditorMenuItem
      clickHandler={[Function]}
      isActive={false}
      key="4"
      propertyName="link"
    />
  </ul>
</div>
`;
